chr1	228323	228773	sample_01.1.1	0	.	228323	228773	0	1	450,	0,
chr1	9627341	9642414	sample_01.2.1	0	+	9627341	9642414	0	5	78,101,67,281,58,	0,2974,6062,12670,15015,
chr1	11901098	11908129	sample_01.3.2	0	+	11901098	11908129	0	4	166,370,220,496,	0,2662,4505,6535,
chr1	11901098	11908129	sample_01.3.1	0	+	11901098	11908129	0	4	166,370,220,639,	0,2662,4505,6392,
chr1	11982233	11986485	sample_01.4.1	0	-	11982233	11986485	0	2	1313,1224,	0,3028,
chr1	16133868	16134144	sample_01.5.1	0	.	16133868	16134144	0	1	276,	0,
chr1	16160564	16162347	sample_01.6.1	0	.	16160564	16162347	0	1	1783,	0,
chr1	16558199	16563650	sample_01.7.1	0	-	16558199	16563650	0	5	593,137,125,153,525,	0,805,1188,1907,4926,
chr1	25620681	25621114	sample_01.8.1	0	.	25620681	25621114	0	1	433,	0,
chr1	32645286	32663886	sample_01.9.1	0	+	32645286	32663886	0	11	91,201,336,92,171,195,120,75,93,96,3384,	0,628,1556,4839,8268,10369,12625,12971,13522,14379,15216,
chr1	32671261	32674278	sample_01.10.1	0	+	32671261	32674278	0	5	63,144,253,119,1438,	0,493,848,1341,1579,
chr1	35439965	35442991	sample_01.11.1	0	.	35439965	35442991	0	1	3026,	0,
chr1	38021859	38022141	sample_01.12.1	0	.	38021859	38022141	0	1	282,	0,
chr1	38158152	38175384	sample_01.13.1	0	+	38158152	38175384	0	11	98,109,129,41,73,86,65,96,127,87,1391,	0,195,424,3429,6424,7955,9273,10771,12960,14497,15841,
chr1	38275240	38325288	sample_01.14.1	0	-	38275240	38325288	0	11	5998,64,596,103,78,137,74,132,239,459,86,	0,7850,12552,14141,22676,25510,26102,29056,30351,47682,49962,
chr1	40428481	40428767	sample_01.15.1	0	.	40428481	40428767	0	1	286,	0,
chr1	42846484	42888249	sample_01.16.1	0	+	42846484	42888249	0	5	284,231,87,204,8095,	0,18590,23697,29170,33670,
chr1	45246020	45246358	sample_01.18.1	0	.	45246020	45246358	0	1	338,	0,
chr1	45965725	45975661	sample_01.19.1	0	+	45965725	45975661	0	4	360,195,153,1194,	0,7302,8158,8742,
chr1	51716332	51717115	sample_01.21.1	0	.	51716332	51717115	0	1	783,	0,
chr1	53458868	53459251	sample_01.22.1	0	.	53458868	53459251	0	1	383,	0,
chr1	86115123	86174109	sample_01.23.2	0	-	86115123	86174109	0	10	4658,125,78,81,69,104,86,107,66,798,	0,8406,27795,29260,31395,52716,56637,56808,57001,58188,
chr1	86115123	86174109	sample_01.23.1	0	-	86115123	86174109	0	11	4658,125,78,81,69,104,86,107,66,308,373,	0,8406,27795,29260,31395,52716,56637,56808,57001,58188,58613,
chr1	97144422	97145167	sample_01.24.1	0	.	97144422	97145167	0	1	745,	0,
chr1	102251891	102254059	sample_01.25.1	0	-	102251891	102254059	0	2	849,30,	0,2138,
chr1	115110177	115124260	sample_01.26.1	0	-	115110177	115124260	0	7	700,81,51,162,71,93,141,	0,2435,3143,8033,9131,13742,13942,
chr1	145139026	145139567	sample_01.27.1	0	.	145139026	145139567	0	1	541,	0,
chr1	148193171	148193875	sample_01.28.1	0	.	148193171	148193875	0	1	704,	0,
chr1	149576542	149577662	sample_01.29.1	0	+	149576542	149577662	0	2	158,55,	0,1065,
chr1	150954568	150955910	sample_01.30.1	0	+	150954568	150955910	0	4	287,97,91,97,	0,394,997,1245,
chr1	150956449	150957152	sample_01.30.2	0	+	150956449	150957152	0	3	96,114,91,	0,307,612,
chr1	153963259	153964623	sample_01.31.1	0	+	153963259	153964623	0	4	19,109,111,83,	0,331,782,1281,
chr1	160653308	160681592	sample_01.32.1	0	-	160653308	160681592	0	2	1671,121,	0,28163,
chr1	167510249	167523004	sample_01.33.1	0	-	167510249	167523004	0	4	1289,185,120,380,	0,5088,6989,12375,
chr1	173386936	173430471	sample_01.34.1	0	-	173386936	173430471	0	2	825,955,	0,42580,
chr1	197122826	197169650	sample_01.35.1	0	-	197122826	197169650	0	10	6318,89,106,107,96,130,148,70,208,1167,	0,18463,21313,22867,24720,27291,34595,37065,37995,45657,
chr1	202440936	202441258	sample_01.36.1	0	.	202440936	202441258	0	1	322,	0,
chr1	211380580	211381239	sample_01.38.1	0	.	211380580	211381239	0	1	659,	0,
chr1	218458629	218511325	sample_01.39.1	0	+	218458629	218511325	0	5	168,266,98,202,7036,	0,17006,19740,22143,45660,
chr1	224196442	224198300	sample_01.40.1	0	.	224196442	224198300	0	1	1858,	0,
chr1	228823169	228823453	sample_01.41.1	0	.	228823169	228823453	0	1	284,	0,
chr1	234350017	234460250	sample_01.42.1	0	+	234350017	234460250	0	7	303,325,220,126,193,90,1497,	0,17145,94829,102330,104479,105826,108736,
chr1	236139132	236228462	sample_01.43.1	0	-	236139132	236228462	0	20	2156,113,124,158,172,127,173,228,123,150,126,144,246,201,252,150,383,227,300,308,	0,3162,3989,4663,5778,9546,15053,17812,36088,37578,41315,48237,50063,53717,56568,62271,66077,69624,72857,89022,
chr10	36810648	36813162	sample_01.201.1	0	.	36810648	36813162	0	1	2514,	0,
chr10	47192143	47193456	sample_01.202.1	0	.	47192143	47193456	0	1	1313,	0,
chr10	48215891	48237208	sample_01.203.1	0	+	48215891	48237208	0	8	167,69,69,35,101,36,52,1390,	0,536,2903,5613,13199,15887,19230,19927,
chr10	70847873	70864567	sample_01.204.1	0	+	70847873	70864567	0	3	119,148,941,	0,8966,15753,
chr10	72357115	72362481	sample_01.205.1	0	-	72357115	72362481	0	3	1822,543,81,	0,3004,5285,
chr10	75490329	75491510	sample_01.206.1	0	+	75490329	75491510	0	2	302,565,	0,616,
chr10	88992427	88993346	sample_01.207.1	0	+	88992427	88993346	0	2	315,117,	0,802,
chr10	91092240	91100728	sample_01.208.1	0	+	91092240	91100728	0	2	144,2311,	0,6177,
chr10	91152303	91163744	sample_01.209.1	0	+	91152303	91163744	0	2	171,1707,	0,9734,
chr10	94428529	94429493	sample_01.210.1	0	.	94428529	94429493	0	1	964,	0,
chr10	104005288	104142656	sample_01.211.1	0	+	104005288	104142656	0	40	250,106,67,132,119,109,61,55,148,224,166,212,99,195,190,141,89,203,124,126,83,237,94,177,65,124,72,95,154,226,161,241,206,151,131,102,114,181,129,844,	0,13397,14518,98519,105724,106311,106926,108068,112507,112974,113738,114652,115490,116186,116943,117724,118178,119865,120851,121553,121946,122686,123207,123679,124179,124329,124642,124852,125175,129827,130740,131028,131403,133752,133989,134321,134717,134974,135595,136524,
chr10	105127724	105148821	sample_01.212.1	0	+	105127724	105148821	0	11	581,238,316,164,136,121,130,165,178,178,1059,	0,5390,10267,11640,11916,13753,15270,17358,19207,19553,20038,
chr11	17249826	17250698	sample_01.213.1	0	.	17249826	17250698	0	1	872,	0,
chr11	22214735	22304895	sample_01.214.1	0	+	22214735	22304895	0	22	343,47,51,42,114,69,285,114,116,135,106,61,152,75,223,170,98,131,206,179,106,3806,	0,10614,18074,25056,27907,32794,34112,42973,46379,57047,57551,57761,62181,64490,66329,68939,69756,77122,79594,81379,82904,86354,
chr11	27603226	27603601	sample_01.215.1	0	.	27603226	27603601	0	1	375,	0,
chr11	32119901	32125002	sample_01.217.1	0	+	32119901	32125002	0	3	173,61,176,	0,2192,4925,
chr11	35684353	35829775	sample_01.218.1	0	+	35684353	35829775	0	5	975,78,240,20,1868,	0,22453,63118,72620,143554,
chr11	49455034	49455984	sample_01.219.1	0	.	49455034	49455984	0	1	950,	0,
chr11	67410029	67418120	sample_01.221.1	0	-	67410029	67418120	0	8	381,110,108,94,196,256,74,67,	0,2201,2486,2728,3133,4249,4957,8024,
chr11	74456738	74457228	sample_01.222.1	0	.	74456738	74457228	0	1	490,	0,
chr11	77300705	77321381	sample_01.223.1	0	+	77300705	77321381	0	3	951,117,1039,	0,13895,19637,
chr11	118886597	118888726	sample_01.224.1	0	-	118886597	118888726	0	3	52,184,59,	0,1474,2070,
chr11	118964563	118966177	sample_01.225.1	0	-	118964563	118966177	0	2	408,1008,	0,606,
chr11	118964563	118966177	sample_01.225.2	0	-	118964563	118966177	0	1	1614,	0,
chr12	3320774	3321096	sample_01.226.1	0	.	3320774	3321096	0	1	322,	0,
chr12	4919865	4920527	sample_01.228.1	0	.	4919865	4920527	0	1	662,	0,
chr12	6994072	6994848	sample_01.230.1	0	+	6994072	6994848	0	2	469,35,	0,741,
chr12	31768709	31769369	sample_01.231.1	0	.	31768709	31769369	0	1	660,	0,
chr12	50231572	50236901	sample_01.232.1	0	-	50231572	50236901	0	2	1226,265,	0,5064,
chr12	63359094	63359764	sample_01.233.1	0	.	63359094	63359764	0	1	670,	0,
chr12	92536285	92539673	sample_01.234.1	0	-	92536285	92539673	0	2	1938,510,	0,2878,
chr12	93122767	93134724	sample_01.235.1	0	+	93122767	93134724	0	5	129,41,96,144,96,	0,3241,7490,8386,11861,
chr12	93772137	93793087	sample_01.236.1	0	+	93772137	93793087	0	5	60,111,45,88,135,	0,16247,17127,20406,20815,
chr12	94034597	94035362	sample_01.237.1	0	.	94034597	94035362	0	1	765,	0,
chr12	104424566	104425321	sample_01.238.1	0	.	104424566	104425321	0	1	755,	0,
chr12	112337112	112339193	sample_01.239.1	0	.	112337112	112339193	0	1	2081,	0,
chr12	118683888	118684778	sample_01.240.1	0	.	118683888	118684778	0	1	890,	0,
chr12	120634509	120636986	sample_01.241.1	0	-	120634509	120636986	0	5	228,141,186,147,66,	0,615,1847,2147,2411,
chr12	133402286	133402770	sample_01.242.1	0	.	133402286	133402770	0	1	484,	0,
chr13	29233279	29253042	sample_01.243.1	0	+	29233279	29253042	0	7	45,98,98,61,102,94,871,	0,679,3267,5366,9330,13196,18892,
chr13	31309644	31338556	sample_01.244.1	0	+	31309644	31338556	0	5	168,100,71,82,476,	0,8552,16544,20436,28436,
chr13	41635409	41658137	sample_01.245.1	0	+	41635409	41658137	0	10	402,73,63,124,177,47,76,194,164,1298,	0,1370,3742,3890,7287,10253,11508,14770,19372,21430,
chr13	42031697	42045016	sample_01.246.1	0	+	42031697	42045016	0	5	195,186,108,63,403,	0,723,9261,11214,12916,
chr13	45964487	45965388	sample_01.247.1	0	.	45964487	45965388	0	1	901,	0,
chr13	52325445	52327251	sample_01.248.1	0	+	52325445	52327251	0	2	106,253,	0,1553,
chr14	21668239	21673662	sample_01.249.1	0	.	21668239	21673662	0	1	5423,	0,
chr14	23352409	23354548	sample_01.250.1	0	+	23352409	23354548	0	3	190,342,74,	0,1473,2065,
chr14	23356481	23356873	sample_01.252.1	0	.	23356481	23356873	0	1	392,	0,
chr14	23398853	23424763	sample_01.253.1	0	+	23398853	23424763	0	3	108,50,425,	0,3998,25485,
chr14	50091894	50101943	sample_01.254.1	0	-	50091894	50101943	0	3	872,144,1939,	0,2835,8110,
chr14	75890395	75894444	sample_01.255.1	0	.	75890395	75894444	0	1	4049,	0,
chr14	77248089	77253057	sample_01.256.1	0	-	77248089	77253057	0	2	1030,630,	0,4338,
chr14	93648542	93651273	sample_01.257.1	0	-	93648542	93651273	0	3	2165,155,119,	0,2361,2612,
chr14	105883248	105886069	sample_01.258.1	0	-	105883248	105886069	0	3	1398,135,711,	0,1770,2110,
chr15	25154110	25154971	sample_01.259.1	0	.	25154110	25154971	0	1	861,	0,
chr15	40763438	40764253	sample_01.260.1	0	+	40763438	40764253	0	2	400,340,	0,475,
chr15	40764743	40765274	sample_01.262.1	0	.	40764743	40765274	0	1	531,	0,
chr15	40861500	40866658	sample_01.263.1	0	+	40861500	40866658	0	3	642,297,933,	0,2302,4225,
chr15	50086686	50087061	sample_01.264.1	0	.	50086686	50087061	0	1	375,	0,
chr15	50088041	50088603	sample_01.265.1	0	.	50088041	50088603	0	1	562,	0,
chr15	55700789	55710898	sample_01.266.1	0	+	55700789	55710898	0	2	195,478,	0,9631,
chr15	60643421	60656650	sample_01.267.1	0	-	60643421	60656650	0	8	29,96,94,60,80,91,114,23,	0,501,1160,2931,4696,5923,9718,13206,
chr15	75247647	75248953	sample_01.268.1	0	.	75247647	75248953	0	2	178,1004,	0,302,
chr15	75614131	75614828	sample_01.269.1	0	.	75614131	75614828	0	1	697,	0,
chr15	75942122	75942914	sample_01.270.1	0	+	75942122	75942914	0	2	527,43,	0,749,
chr15	75949319	75950931	sample_01.271.1	0	.	75949319	75950931	0	1	1612,	0,
chr15	93254977	93256104	sample_01.272.1	0	.	93254977	93256104	0	1	1127,	0,
chr16	96406	103628	sample_01.273.1	0	-	96406	103628	0	3	1151,88,153,	0,5151,7069,
chr16	1367895	1372794	sample_01.274.1	0	-	1367895	1372794	0	2	2564,306,	0,4593,
chr16	2012751	2013257	sample_01.275.1	0	-	2012751	2013257	0	2	159,108,	0,398,
chr16	2014276	2014625	sample_01.275.2	0	-	2014276	2014625	0	2	90,176,	0,173,
chr16	22441118	22447131	sample_01.276.1	0	-	22441118	22447131	0	4	151,109,185,129,	0,2928,4829,5884,
chr16	22473439	22478574	sample_01.278.1	0	+	22473439	22478574	0	4	216,126,73,63,	0,3574,4078,5072,
chr16	29107477	29113456	sample_01.279.1	0	+	29107477	29113456	0	4	105,185,109,149,	0,975,2948,5830,
chr16	29569999	29576735	sample_01.280.1	0	-	29569999	29576735	0	4	200,59,137,64,	0,1478,2836,6672,
chr16	29576797	29606371	sample_01.281.1	0	-	29576797	29606371	0	4	30,164,58,164,	0,609,3794,29410,
chr16	29819991	29823304	sample_01.282.1	0	-	29819991	29823304	0	2	463,1949,	0,1364,
chr16	29829538	29832459	sample_01.283.1	0	-	29829538	29832459	0	3	327,62,261,	0,1322,2660,
chr16	34320820	34321088	sample_01.284.1	0	.	34320820	34321088	0	1	268,	0,
chr16	46656784	46657606	sample_01.285.1	0	.	46656784	46657606	0	1	822,	0,
chr16	46657665	46658152	sample_01.286.1	0	.	46657665	46658152	0	1	487,	0,
chr16	52689228	52689953	sample_01.287.1	0	.	52689228	52689953	0	1	725,	0,
chr16	58028582	58033753	sample_01.288.1	0	-	58028582	58033753	0	2	3844,357,	0,4814,
chr16	81348558	81424485	sample_01.289.1	0	+	81348558	81424485	0	11	327,115,351,218,122,113,150,137,129,110,13466,	0,36629,39451,41831,42856,47545,48840,50020,50396,62265,62461,
chr16	90036205	90038941	sample_01.290.1	0	.	90036205	90038941	0	1	2736,	0,
chr17	7362684	7382844	sample_01.291.1	0	-	7362684	7382844	0	4	4525,1100,71,70,	0,6345,7891,20090,
chr17	14248755	14250358	sample_01.293.1	0	.	14248755	14250358	0	1	1603,	0,
chr17	14250375	14252715	sample_01.294.1	0	.	14250375	14252715	0	1	2340,	0,
chr17	16519485	16519831	sample_01.295.1	0	.	16519485	16519831	0	1	346,	0,
chr17	16520218	16521012	sample_01.296.1	0	.	16520218	16521012	0	1	794,	0,
chr17	19349263	19350165	sample_01.298.1	0	.	19349263	19350165	0	1	902,	0,
chr17	27049740	27050658	sample_01.299.1	0	+	27049740	27050658	0	2	177,70,	0,848,
chr17	27530445	27531486	sample_01.300.1	0	.	27530445	27531486	0	1	1041,	0,
chr17	33288549	33290200	sample_01.301.1	0	.	33288549	33290200	0	1	1651,	0,
chr17	34958001	34965407	sample_01.302.1	0	+	34958001	34965407	0	5	780,94,133,120,729,	0,980,6104,6333,6677,
chr17	47501109	47502298	sample_01.303.1	0	.	47501109	47502298	0	1	1189,	0,
chr17	79885724	79888623	sample_01.304.1	0	+	79885724	79888623	0	2	597,1272,	0,1627,
chr18	29078008	29128955	sample_01.305.1	0	+	29078008	29128955	0	15	251,36,135,162,145,167,138,186,266,143,228,228,122,333,3272,	0,20193,21757,22757,23053,24037,26402,26657,32941,37224,38156,40705,43147,44474,47675,
chr19	1269824	1270139	sample_01.306.1	0	.	1269824	1270139	0	1	315,	0,
chr19	2426562	2427536	sample_01.307.1	0	-	2426562	2427536	0	3	482,69,80,	0,691,894,
chr19	2933222	2944930	sample_01.308.1	0	-	2933222	2944930	0	4	1591,181,127,95,	0,3299,6056,11613,
chr19	3178735	3180329	sample_01.309.1	0	.	3178735	3180329	0	1	1594,	0,
chr19	4044361	4066942	sample_01.310.1	0	-	4044361	4066942	0	3	3881,1277,263,	0,9607,22318,
chr19	6375177	6379063	sample_01.311.1	0	.	6375177	6379063	0	1	3886,	0,
chr19	12252623	12254128	sample_01.312.1	0	.	12252623	12254128	0	1	1505,	0,
chr19	12754038	12754761	sample_01.314.1	0	.	12754038	12754761	0	1	723,	0,
chr19	14416311	14474796	sample_01.315.1	0	-	14416311	14474796	0	4	176,112,124,113,	0,14740,19808,58372,
chr19	14903130	14903585	sample_01.316.1	0	.	14903130	14903585	0	1	455,	0,
chr19	15722467	15722933	sample_01.317.1	0	.	15722467	15722933	0	1	466,	0,
chr19	20235852	20236293	sample_01.318.1	0	.	20235852	20236293	0	1	441,	0,
chr19	24010522	24010836	sample_01.319.1	0	.	24010522	24010836	0	1	314,	0,
chr19	38282413	38283487	sample_01.320.1	0	.	38282413	38283487	0	1	1074,	0,
chr19	46367553	46377038	sample_01.321.1	0	+	46367553	46377038	0	2	230,1706,	0,7779,
chr19	56132112	56135957	sample_01.322.1	0	-	56132112	56135957	0	2	1898,108,	0,3737,
chr19	58379340	58380202	sample_01.323.1	0	+	58379340	58380202	0	2	493,45,	0,817,
chr19	58452294	58459031	sample_01.324.1	0	-	58452294	58459031	0	2	1721,222,	0,6515,
chr2	10830592	10832218	sample_01.44.1	0	.	10830592	10832218	0	1	1626,	0,
chr2	38708919	38710012	sample_01.45.1	0	.	38708919	38710012	0	2	172,768,	0,325,
chr2	46844294	46852881	sample_01.46.1	0	+	46844294	46852881	0	5	143,66,55,104,1580,	0,1617,2471,6608,7007,
chr2	61372242	61391963	sample_01.47.1	0	+	61372242	61391963	0	4	89,114,181,475,	0,17734,17944,19246,
chr2	63849311	63849965	sample_01.48.1	0	.	63849311	63849965	0	1	654,	0,
chr2	65432241	65433122	sample_01.49.1	0	.	65432241	65433122	0	1	881,	0,
chr2	68592304	68624585	sample_01.50.1	0	+	68592304	68624585	0	9	221,156,182,92,185,105,84,70,1774,	0,15155,15550,17369,21329,23214,27989,28934,30507,
chr2	85143270	85143760	sample_01.51.1	0	.	85143270	85143760	0	1	490,	0,
chr2	87257819	87271017	sample_01.52.1	0	-	87257819	87271017	0	6	211,83,135,92,235,182,	0,1119,1372,3455,6597,13016,
chr2	88021838	88038764	sample_01.53.1	0	+	88021838	88038764	0	7	100,272,235,92,135,83,229,	0,3617,10067,13354,15398,15703,16697,
chr2	89156708	89165653	sample_01.54.1	0	-	89156708	89165653	0	3	488,198,523,	0,4689,8422,
chr2	96809468	96810355	sample_01.55.1	0	-	96809468	96810355	0	2	308,463,	0,424,
chr2	99900744	99917558	sample_01.56.1	0	-	99900744	99917558	0	7	230,133,185,105,75,91,46,	0,406,6955,8254,11346,14177,16768,
chr2	130737698	130738438	sample_01.57.1	0	.	130737698	130738438	0	1	740,	0,
chr2	131805449	131851001	sample_01.58.1	0	-	131805449	131851001	0	7	4576,125,178,143,84,81,97,	0,5014,7395,7676,23978,34700,45455,
chr2	132120608	132121236	sample_01.59.1	0	.	132120608	132121236	0	1	628,	0,
chr2	152214132	152236555	sample_01.60.1	0	+	152214132	152236555	0	6	142,138,162,229,41,678,	0,6324,8437,12401,15930,21745,
chr2	162101260	162105557	sample_01.61.1	0	+	162101260	162105557	0	2	146,2172,	0,2125,
chr2	171608220	171609555	sample_01.62.1	0	.	171608220	171609555	0	1	1335,	0,
chr2	172231450	172231769	sample_01.63.1	0	.	172231450	172231769	0	1	319,	0,
chr2	175584504	175585394	sample_01.64.1	0	.	175584504	175585394	0	1	890,	0,
chr2	200775981	200792992	sample_01.65.1	0	+	200775981	200792992	0	2	513,3208,	0,13803,
chr2	201681858	201687053	sample_01.66.2	0	+	201681858	201687053	0	7	106,110,171,147,139,123,184,	0,838,1087,1619,2846,4047,5011,
chr2	201681858	201687053	sample_01.66.1	0	+	201681858	201687053	0	7	106,110,171,147,37,123,184,	0,838,1087,1619,2846,4047,5011,
chr2	234774095	234777068	sample_01.67.1	0	-	234774095	234777068	0	2	1901,96,	0,2877,
chr2	235401715	235405672	sample_01.68.1	0	.	235401715	235405672	0	1	3957,	0,
chr20	300957	305878	sample_01.325.1	0	-	300957	305878	0	3	468,188,93,	0,2064,4828,
chr20	10415971	10604016	sample_01.326.1	0	+	10415971	10604016	0	8	130,56,90,121,78,89,101,710,	0,22852,120907,125376,163351,166407,185990,187335,
chr20	19804092	19804586	sample_01.327.1	0	.	19804092	19804586	0	1	494,	0,
chr20	32678349	32700009	sample_01.328.1	0	-	32678349	32700009	0	8	59,57,149,102,117,104,178,108,	0,3131,6113,6872,7973,12918,14824,21552,
chr20	34541557	34547393	sample_01.329.1	0	-	34541557	34547393	0	3	1467,193,59,	0,5226,5777,
chr20	42086567	42092245	sample_01.330.1	0	+	42086567	42092245	0	6	213,149,125,209,84,2903,	0,433,1843,2105,2587,2775,
chr20	44517274	44519922	sample_01.332.1	0	-	44517274	44519922	0	2	238,1034,	0,1614,
chr20	44689624	44718591	sample_01.333.1	0	-	44689624	44718591	0	8	1904,321,200,127,137,327,67,136,	0,2374,4043,6069,7516,9224,18401,28831,
chr20	47538426	47653229	sample_01.334.1	0	+	47538426	47653229	0	39	121,31,124,147,180,235,69,152,131,235,100,140,109,184,112,206,85,172,152,129,159,148,100,41,170,152,173,161,131,130,136,139,55,115,131,169,139,118,3670,	0,19309,19974,29433,30815,31666,41940,43982,47257,49230,50436,51255,52876,54126,62839,63518,66414,66601,67395,67666,69150,72561,73893,76303,76446,83180,88342,90034,91674,91941,94390,95359,95606,96994,101161,103423,106640,110159,111133,
chr20	61472466	61493114	sample_01.335.1	0	-	61472466	61493114	0	6	983,142,244,163,184,739,	0,12901,16280,18249,19010,19909,
chr21	19181261	19183161	sample_01.336.1	0	+	19181261	19183161	0	2	32,350,	0,1550,
chr21	45194084	45196185	sample_01.337.1	0	-	45194084	45196185	0	2	556,101,	0,2000,
chr21	48110673	48111095	sample_01.338.1	0	.	48110673	48111095	0	1	422,	0,
chr3	9932237	9936033	sample_01.69.1	0	+	9932237	9936033	0	2	258,1435,	0,2361,
chr3	10157375	10168601	sample_01.70.1	0	+	10157375	10168601	0	3	128,83,649,	0,9934,10577,
chr3	14166441	14185178	sample_01.71.1	0	+	14166441	14185178	0	12	264,150,135,95,50,70,71,122,75,102,118,2086,	0,4470,5880,6638,7604,7924,8797,9828,10216,10865,14238,16651,
chr3	22423435	22424417	sample_01.72.1	0	.	22423435	22424417	0	1	982,	0,
chr3	39424839	39438842	sample_01.73.1	0	+	39424839	39438842	0	7	445,122,85,180,169,167,954,	0,6146,7074,8092,8504,11061,13049,
chr3	40803024	40803344	sample_01.74.1	0	.	40803024	40803344	0	1	320,	0,
chr3	52255100	52260176	sample_01.75.1	0	-	52255100	52260176	0	2	3228,634,	0,4442,
chr3	101237735	101242628	sample_01.76.1	0	+	101237735	101242628	0	2	264,1903,	0,2990,
chr3	116364592	116365574	sample_01.77.1	0	-	116364592	116365574	0	2	306,574,	0,408,
chr3	116364592	116365574	sample_01.77.2	0	-	116364592	116365574	0	1	982,	0,
chr3	119013219	119139560	sample_01.78.1	0	+	119013219	119139560	0	12	632,103,145,83,108,143,199,125,63,576,281,6858,	0,70943,73999,86531,87919,88711,96412,99094,104826,107449,115123,119483,
chr3	148703669	148705455	sample_01.79.1	0	.	148703669	148705455	0	1	1786,	0,
chr3	150329071	150329379	sample_01.80.1	0	.	150329071	150329379	0	1	308,	0,
chr3	156432012	156432711	sample_01.81.1	0	.	156432012	156432711	0	1	699,	0,
chr3	161146914	161147398	sample_01.82.1	0	.	161146914	161147398	0	1	484,	0,
chr3	194868599	194873519	sample_01.83.1	0	+	194868599	194873519	0	2	235,549,	0,4371,
chr3	194868599	194873519	sample_01.83.2	0	+	194868599	194873519	0	2	235,534,	0,4386,
chr3	196295559	196315929	sample_01.84.1	0	+	196295559	196315929	0	3	614,357,4926,	0,8764,15444,
chr4	6675177	6677773	sample_01.85.1	0	+	6675177	6677773	0	2	1187,1054,	0,1542,
chr4	6675177	6677773	sample_01.85.2	0	+	6675177	6677773	0	2	1256,1054,	0,1542,
chr4	102268949	102270038	sample_01.86.2	0	+	102268949	102270038	0	2	217,558,	0,531,
chr4	102268949	102270038	sample_01.86.1	0	+	102268949	102270038	0	2	43,558,	0,531,
chr4	113195697	113207059	sample_01.87.1	0	-	113195697	113207059	0	2	3893,264,	0,11098,
chr4	114135203	114135536	sample_01.88.1	0	.	114135203	114135536	0	1	333,	0,
chr4	123747891	123819387	sample_01.89.1	0	+	123747891	123819387	0	3	616,104,6022,	0,49584,65474,
chr4	139964227	139966230	sample_01.90.1	0	+	139964227	139966230	0	2	270,438,	0,1565,
chr4	140618820	140619789	sample_01.91.1	0	.	140618820	140619789	0	1	969,	0,
chr4	174292093	174298683	sample_01.92.1	0	+	174292093	174298683	0	4	555,126,99,328,	0,2447,2996,6262,
chr4	185262845	185269065	sample_01.93.1	0	-	185262845	185269065	0	2	361,200,	0,6020,
chr4	186064431	186068395	sample_01.94.1	0	+	186064431	186068395	0	4	206,487,545,428,	0,1486,2077,3536,
chr5	17353983	17354533	sample_01.95.1	0	.	17353983	17354533	0	1	550,	0,
chr5	42756911	42802461	sample_01.96.1	0	+	42756911	42802461	0	9	76,89,106,69,65,103,128,84,2701,	0,2310,5633,12787,22648,26664,40019,42565,42849,
chr5	52083773	52099877	sample_01.97.1	0	+	52083773	52099877	0	3	475,1236,2635,	0,11945,13469,
chr5	76011899	76031586	sample_01.98.1	0	+	76011899	76031586	0	2	321,3448,	0,16239,
chr5	110847956	111075423	sample_01.99.1	0	+	110847956	111075423	0	7	250,217,122,224,190,3066,1423,	0,157159,215685,216277,217231,219521,226044,
chr5	115387606	115387981	sample_01.100.1	0	.	115387606	115387981	0	1	375,	0,
chr5	148873876	148884231	sample_01.101.1	0	-	148873876	148884231	0	2	4980,3654,	0,6701,
chr5	149473859	149474619	sample_01.102.1	0	.	149473859	149474619	0	1	760,	0,
chr5	168043316	168044059	sample_01.103.1	0	.	168043316	168044059	0	1	743,	0,
chr5	169801680	169816675	sample_01.104.1	0	-	169801680	169816675	0	4	4297,172,158,413,	0,9002,10637,14582,
chr6	3154882	3227969	sample_01.106.1	0	-	3154882	3227969	0	4	275,111,109,249,	0,71510,71912,72838,
chr6	3225409	3227969	sample_01.106.2	0	-	3225409	3227969	0	4	636,111,109,249,	0,983,1385,2311,
chr6	3849619	3851540	sample_01.107.1	0	+	3849619	3851540	0	2	101,1518,	0,403,
chr6	3849619	3851540	sample_01.107.2	0	+	3849619	3851540	0	1	1921,	0,
chr6	6588901	6654864	sample_01.108.1	0	+	6588901	6654864	0	5	202,87,129,53,88,	0,36257,37624,60956,65875,
chr6	11094280	11138964	sample_01.109.2	0	+	11094280	11138964	0	2	342,4329,	0,40355,
chr6	11094280	11138964	sample_01.109.1	0	+	11094280	11138964	0	3	342,585,3427,	0,40355,41257,
chr6	16129408	16148478	sample_01.110.1	0	+	16129408	16148478	0	6	232,186,198,165,421,1586,	0,12447,13842,14521,15719,17484,
chr6	17615268	17706618	sample_01.111.1	0	-	17615268	17706618	0	22	1144,169,273,357,885,195,618,126,88,99,138,127,53,147,54,45,117,129,140,249,223,111,	0,1489,9523,10770,13617,17612,22115,24901,31029,32769,34125,46615,46980,50201,53937,54255,54392,59867,60191,60484,73358,91239,
chr6	20402397	20493941	sample_01.112.1	0	+	20402397	20493941	0	7	459,112,220,159,115,136,3543,	0,77679,79039,80595,84522,85946,88001,
chr6	26115100	26124137	sample_01.113.1	0	-	26115100	26124137	0	2	263,395,	0,8642,
chr6	27418614	27440460	sample_01.114.1	0	-	27418614	27440460	0	6	2425,96,127,68,146,21,	0,5990,6447,17017,21452,21825,
chr6	28212406	28219999	sample_01.115.1	0	-	28212406	28219999	0	5	1347,124,83,148,664,	0,2340,3438,5058,6929,
chr6	29855528	29858259	sample_01.117.2	0	+	29855528	29858259	0	7	79,270,276,277,117,33,44,	0,203,715,1576,1955,2512,2687,
chr6	29855528	29912026	sample_01.117.1	0	+	29855528	29912026	0	5	79,270,276,59,70,	0,203,715,1576,56428,
chr6	31371355	31383089	sample_01.118.1	0	+	31371355	31383089	0	6	124,255,288,279,136,301,	0,6964,7493,8368,8746,11433,
chr6	31777417	31782812	sample_01.119.1	0	-	31777417	31782812	0	2	2345,147,	0,5248,
chr6	31797338	31797653	sample_01.120.1	0	.	31797338	31797653	0	1	315,	0,
chr6	33172468	33174225	sample_01.121.1	0	+	33172468	33174225	0	7	428,117,93,86,85,43,74,	0,529,755,948,1136,1442,1683,
chr6	33176273	33180498	sample_01.122.1	0	+	33176273	33180498	0	7	148,136,161,216,390,274,424,	0,268,1129,1418,2661,3232,3801,
chr6	34759858	34845291	sample_01.123.1	0	+	34759858	34845291	0	21	213,163,39,92,190,141,171,193,87,171,140,142,194,1448,197,155,151,263,109,107,5202,	0,29571,29835,31175,42135,42639,43212,44074,63535,64157,64708,65247,65642,66042,71920,75143,75384,78772,79502,79737,80231,
chr6	36125878	36164968	sample_01.124.1	0	-	36125878	36164968	0	4	840,91,133,118,	0,21515,37935,38972,
chr6	36822603	36842799	sample_01.125.1	0	-	36822603	36842799	0	4	1206,69,155,307,	0,1758,16890,19889,
chr6	41040683	41067712	sample_01.126.2	0	+	41040683	41067712	0	9	140,136,147,132,106,167,174,102,2617,	0,6084,11101,16634,17259,18583,19967,21451,24412,
chr6	41040683	41067712	sample_01.126.1	0	+	41040683	41067712	0	10	140,136,87,147,132,106,167,174,102,2617,	0,6084,7866,11101,16634,17259,18583,19967,21451,24412,
chr6	42931607	42946958	sample_01.127.1	0	-	42931607	42946958	0	17	602,140,78,117,109,62,206,133,77,196,209,112,134,103,84,164,952,	0,920,1205,1382,1811,2174,2372,2655,2912,3498,4420,5004,5798,6015,10133,11005,14399,
chr6	43140127	43147164	sample_01.128.1	0	+	43140127	43147164	0	7	62,267,262,120,192,77,332,	0,1457,3316,4158,5904,6416,6705,
chr6	43612808	43618189	sample_01.129.1	0	+	43612808	43618189	0	2	254,78,	0,5303,
chr6	57038233	57049498	sample_01.131.1	0	+	57038233	57049498	0	4	26,193,110,923,	0,767,8596,10342,
chr6	71276619	71299271	sample_01.132.1	0	+	71276619	71299271	0	3	88,153,954,	0,12497,21698,
chr6	79910961	79944406	sample_01.133.1	0	-	79910961	79944406	0	6	482,73,51,30,51,144,	0,1072,2335,7302,13727,33301,
chr6	83904305	83906375	sample_01.134.1	0	.	83904305	83906375	0	1	2070,	0,
chr6	105725439	105850959	sample_01.135.1	0	-	105725439	105850959	0	15	874,157,132,95,137,104,198,192,106,122,210,131,134,75,238,	0,4181,4886,7921,11193,46100,51264,55749,75407,91338,95804,98560,99821,120288,125282,
chr6	107386390	107436471	sample_01.136.1	0	-	107386390	107436471	0	4	5764,203,48,178,	0,33364,34062,49903,
chr6	119215383	119230328	sample_01.137.1	0	+	119215383	119230328	0	4	303,116,177,1762,	0,6547,11433,13183,
chr6	133135579	133138703	sample_01.139.1	0	+	133135579	133138703	0	6	173,51,117,103,102,85,	0,291,531,2020,2519,3039,
chr6	170844204	170862429	sample_01.141.1	0	-	170844204	170862429	0	6	289,107,130,82,108,212,	0,2117,8484,10986,13889,18013,
chr7	30410990	30411826	sample_01.142.1	0	.	30410990	30411826	0	1	836,	0,
chr7	43980527	43992400	sample_01.143.1	0	-	43980527	43992400	0	3	4020,191,281,	0,5205,11592,
chr7	43992459	44058773	sample_01.144.4	0	-	43992459	44058773	0	12	336,118,95,132,62,114,77,211,162,1191,90,114,	0,9112,13006,13403,19769,20349,33740,34817,35225,60732,63573,66200,
chr7	43992459	44009461	sample_01.144.1	0	-	43992459	44009461	0	5	336,118,95,132,131,	0,9112,13006,13403,16871,
chr7	43992459	44058773	sample_01.144.2	0	-	43992459	44058773	0	13	336,118,95,132,62,114,77,211,162,87,178,90,114,	0,9112,13006,13403,19769,20349,33740,34817,35225,60732,61745,63573,66200,
chr7	43992459	44058773	sample_01.144.3	0	-	43992459	44058773	0	12	336,118,95,132,62,114,77,211,162,87,90,114,	0,9112,13006,13403,19769,20349,33740,34817,35225,60732,63573,66200,
chr7	55540541	55640167	sample_01.145.1	0	-	55540541	55640167	0	5	197,137,78,59,204,	0,19433,24764,48223,99422,
chr7	64432187	64451408	sample_01.146.1	0	-	64432187	64451408	0	4	7727,96,133,1084,	0,9577,10174,18137,
chr7	65888394	65888880	sample_01.147.1	0	.	65888394	65888880	0	1	486,	0,
chr7	65958700	65960461	sample_01.148.1	0	+	65958700	65960461	0	2	308,220,	0,1541,
chr7	65958700	65960461	sample_01.148.2	0	+	65958700	65960461	0	2	312,220,	0,1541,
chr7	72710926	72711414	sample_01.149.1	0	.	72710926	72711414	0	1	488,	0,
chr7	72711599	72716493	sample_01.150.1	0	+	72711599	72716493	0	3	838,123,1430,	0,2913,3464,
chr7	75046777	75052293	sample_01.151.1	0	-	75046777	75052293	0	3	1399,123,1502,	0,1825,4014,
chr7	84612873	84613820	sample_01.152.1	0	.	84612873	84613820	0	1	947,	0,
chr7	92728828	92735408	sample_01.153.1	0	+	92728828	92735408	0	1	6580,	0,
chr7	92732277	92747336	sample_01.154.1	0	-	92732277	92747336	0	3	3141,101,161,	0,11830,14898,
chr7	99724328	99726117	sample_01.155.1	0	+	99724328	99726117	0	2	359,1127,	0,662,
chr7	99918616	99939530	sample_01.156.1	0	-	99918616	99939530	0	6	91,103,87,140,527,93,	0,9188,9469,11448,14844,20821,
chr7	100303675	100305118	sample_01.157.1	0	+	100303675	100305118	0	2	252,675,	0,768,
chr7	100657605	100660880	sample_01.158.1	0	-	100657605	100660880	0	3	115,70,185,	0,873,3090,
chr7	101982290	101982733	sample_01.159.1	0	.	101982290	101982733	0	1	443,	0,
chr7	102113909	102119346	sample_01.160.1	0	-	102113909	102119346	0	4	222,205,90,92,	0,868,2718,5345,
chr7	143883233	143884701	sample_01.161.1	0	.	143883233	143884701	0	1	1468,	0,
chr7	143947810	143948669	sample_01.162.1	0	.	143947810	143948669	0	1	859,	0,
chr7	144059753	144060735	sample_01.164.1	0	.	144059753	144060735	0	1	982,	0,
chr7	150130818	150139970	sample_01.166.1	0	+	150130818	150139970	0	3	99,128,334,	0,1299,8818,
chr7	150322464	150329469	sample_01.167.1	0	-	150322464	150329469	0	3	2912,85,213,	0,4681,6792,
chr7	150322464	150329469	sample_01.167.2	0	-	150322464	150329469	0	3	3136,85,213,	0,4681,6792,
chr8	14167549	14167837	sample_01.168.1	0	.	14167549	14167837	0	1	288,	0,
chr8	41399565	41402288	sample_01.169.1	0	-	41399565	41402288	0	2	70,814,	0,1909,
chr8	57500965	57501259	sample_01.170.1	0	.	57500965	57501259	0	1	294,	0,
chr8	74203314	74204598	sample_01.171.1	0	-	74203314	74204598	0	4	173,110,138,125,	0,472,693,1159,
chr8	96146031	96168912	sample_01.172.1	0	+	96146031	96168912	0	2	227,2654,	0,20227,
chr8	99076538	99105837	sample_01.173.1	0	+	99076538	99105837	0	3	417,954,389,	0,24765,28910,
chr8	101487910	101495377	sample_01.174.1	0	+	101487910	101495377	0	2	154,392,	0,7075,
chr8	101908022	101908346	sample_01.175.1	0	.	101908022	101908346	0	1	324,	0,
chr8	125486981	125500153	sample_01.176.1	0	+	125486981	125500153	0	2	550,2082,	0,11090,
chr8	142136143	142138218	sample_01.177.1	0	-	142136143	142138218	0	2	427,53,	0,2022,
chr8	144519827	144623623	sample_01.178.1	0	-	144519827	144623623	0	12	430,323,185,132,70,159,43,188,154,197,1318,78,	0,2383,3278,28059,30551,30724,30959,37740,70088,98599,100345,103718,
chr8	145654190	145669826	sample_01.179.1	0	-	145654190	145669826	0	26	529,134,74,176,172,302,79,154,77,761,124,164,73,90,83,190,126,153,146,115,172,130,184,143,96,54,	0,1596,2270,3477,4780,5170,6003,6209,6666,6850,7750,7949,8219,9663,9845,11213,11543,11910,12158,13229,13433,13869,14330,15074,15372,15582,
chr9	6011043	6015618	sample_01.180.1	0	.	6011043	6015618	0	1	4575,	0,
chr9	14611074	14693469	sample_01.181.1	0	-	14611074	14693469	0	10	8022,44,117,139,112,99,199,130,49,243,	0,8562,28819,47672,51138,61753,63110,68956,79260,82152,
chr9	21329669	21335362	sample_01.182.1	0	.	21329669	21335362	0	1	5693,	0,
chr9	32552996	32573160	sample_01.183.1	0	-	32552996	32573160	0	4	946,45,93,282,	0,5911,17961,19882,
chr9	33624271	33625291	sample_01.184.1	0	.	33624271	33625291	0	1	1020,	0,
chr9	34610491	34612086	sample_01.185.1	0	-	34610491	34612086	0	2	838,230,	0,1365,
chr9	35732331	35736999	sample_01.186.1	0	+	35732331	35736999	0	9	567,148,68,90,107,69,85,85,611,	0,661,880,1061,2774,2971,3713,3892,4057,
chr9	44998185	44998606	sample_01.187.1	0	.	44998185	44998606	0	1	421,	0,
chr9	67785494	67785901	sample_01.188.1	0	.	67785494	67785901	0	1	407,	0,
chr9	80912058	80944362	sample_01.189.1	0	+	80912058	80944362	0	8	128,61,70,206,173,170,129,466,	0,3459,4811,7592,9171,11271,20533,31838,
chr9	95473647	95527090	sample_01.190.1	0	-	95473647	95527090	0	7	4098,152,1044,456,153,213,304,	0,6431,7173,8934,11290,17658,53139,
chr9	130186661	130207649	sample_01.191.1	0	+	130186661	130207649	0	5	421,89,127,96,1342,	0,4449,10707,11525,19646,
chr9	130875651	130880984	sample_01.192.1	0	-	130875651	130880984	0	4	1314,216,126,783,	0,1701,4337,4550,
chr9	131103009	131123746	sample_01.193.1	0	+	131103009	131123746	0	13	108,167,395,159,70,92,110,210,127,138,165,147,1134,	0,2396,4424,7814,9581,9753,11907,12294,12684,14322,14667,14919,19603,
chr9	131291189	131314689	sample_01.194.1	0	-	131291189	131314689	0	4	90,129,306,43,	0,7916,14468,23457,
chr9	135940432	135942047	sample_01.195.1	0	+	135940432	135942047	0	2	192,131,	0,1484,
chr9	135942501	135944500	sample_01.196.1	0	+	135942501	135944500	0	3	91,187,58,	0,1557,1941,
chr9	135945847	135946657	sample_01.197.1	0	+	135945847	135946657	0	2	198,284,	0,526,
chr9	139440670	139443869	sample_01.198.1	0	+	139440670	139443869	0	3	153,260,286,	0,1623,2913,
chr9	140135746	140138134	sample_01.199.1	0	+	140135746	140138134	0	3	123,109,1772,	0,426,616,
chrX	12885203	12908499	sample_01.339.1	0	+	12885203	12908499	0	3	39,101,4869,	0,396,18427,
chrX	13707304	13727473	sample_01.341.1	0	+	13707304	13727473	0	2	103,634,	0,19535,
chrX	40794197	40795084	sample_01.342.1	0	.	40794197	40795084	0	2	543,236,	0,651,
chrX	62567106	62571212	sample_01.343.1	0	.	62567106	62571212	0	1	4106,	0,
chrX	73805059	73834451	sample_01.344.1	0	-	73805059	73834451	0	4	7837,84,192,195,	0,9081,10584,29197,
chrX	77224553	77224961	sample_01.345.1	0	.	77224553	77224961	0	1	408,	0,
chrX	77526961	77582980	sample_01.346.1	0	-	77526961	77582980	0	3	2309,87,179,	0,11989,55840,
chrX	100600650	100604184	sample_01.347.1	0	-	100600650	100604184	0	2	998,664,	0,2870,
chrX	119384606	119392241	sample_01.348.1	0	+	119384606	119392241	0	2	226,4973,	0,2662,
chrX	153706108	153707594	sample_01.349.1	0	-	153706108	153707594	0	3	289,129,528,	0,513,958,
chrX	154289903	154293638	sample_01.350.1	0	-	154289903	154293638	0	3	363,68,427,	0,2337,3308,
